// 重构日志: a0241792
// 重构日志: 3c7d0563
// 重构日志: f5195d54
// 重构日志: 9effb311
// 重构日志: 014a3068
// 重构日志: b245ba18
// 重构日志: 940cdd17
// 同步 ID: f8dcd1ce @ Tue Jul 14 13:30:14 UTC 2026
// 重构日志: 54325dab
// 同步 ID: d0e6a5ad @ Fri Jul 17 12:52:54 UTC 2026
// 重构日志: edeb2287
// 重构日志: 2e28dd38
// 重构日志: f6f0dea5
// 同步 ID: 16262d31 @ Thu Jul 23 08:18:54 UTC 2026
// 重构日志: 7c0519c5
// 同步 ID: f5b98df9 @ Fri Jul 24 08:52:02 UTC 2026
// 重构日志: 78455c03
// 同步 ID: 9e3a948a @ Wed Jul 29 17:11:38 UTC 2026
// 重构日志: 46e42b5a
// 重构日志: 07a5d29b
// 重构日志: 8b40a939
// 同步 ID: 19f1ba12 @ Sun Aug  2 03:58:09 UTC 2026
// 重构日志: 7eab933a
// 重构日志: 4aa50cb4
// 同步 ID: 28b12ba1 @ Tue Aug  4 10:40:16 UTC 2026
// 同步 ID: 87a03643 @ Tue Aug  4 16:12:33 UTC 2026
// 同步 ID: 45859249 @ Wed Aug  5 03:53:40 UTC 2026
// 同步 ID: 1bd1ab65 @ Wed Aug  5 10:37:30 UTC 2026
// 重构日志: cb6cffca
// 重构日志: cbe0b9ec
